
Allocating common symbols
Common symbol       size              file

netbufpool          0x4               binaries/net.o
readylist           0x2               binaries/ready.o
rfltab              0x5a0             binaries/rflinit.o
netportseed         0x8               binaries/net.o
sleepq              0x2               binaries/clkinit.o
nnames              0x4               binaries/naminit.o
udptab              0x168             binaries/udp.o
minheap             0x4               binaries/meminit.o
marks               0x50              binaries/mark.o
currpid             0x4               binaries/initialize.o
Lf_data             0x20c             binaries/lfsinit.o
porttab             0x2d0             binaries/ptinit.o
girmask             0x2               binaries/evec.o
ttytab              0x110             binaries/ttyinit.o
proctab             0x15e0            binaries/initialize.o
prcount             0x4               binaries/initialize.o
pipetab             0x1e0             binaries/pipe_init.o
lfltab              0xf00             binaries/lflinit.o
rdstab              0x6c0             binaries/rdsinit.o
ethertab            0x130             binaries/ethinit.o
NetData             0xb0              binaries/net.o
nmarks              0x4               binaries/mark.o
initsp              0x4               binaries/i386.o
Defer               0x8               binaries/resched.o
semtab              0x4b0             binaries/initialize.o
maxheap             0x4               binaries/meminit.o
preempt             0x4               binaries/clkinit.o
buftab              0xa0              binaries/bufinit.o
Rf_data             0x18              binaries/rfsinit.o
mkmutex             0x4               binaries/mark.o
clktime             0x4               binaries/clkinit.o
arpcache            0x140             binaries/arp.o
icmptab             0x230             binaries/icmp.o
nbpools             0x4               binaries/bufinit.o
queuetab            0x980             binaries/queue.o
ptnextid            0x4               binaries/ptinit.o
Ram                 0x19000           binaries/raminit.o
ipoqueue            0x2c              binaries/ip.o
memlist             0x8               binaries/initialize.o
nametab             0x5200            binaries/naminit.o
ptfree              0x4               binaries/ptinit.o

Discarded input sections

 .group         0x0000000000000000        0x8 binaries/abs.o
 .group         0x0000000000000000        0x8 binaries/atoi.o
 .text.__x86.get_pc_thunk.ax
                0x0000000000000000        0x4 binaries/atoi.o
 .group         0x0000000000000000        0x8 binaries/atol.o
 .text.__x86.get_pc_thunk.ax
                0x0000000000000000        0x4 binaries/atol.o
 .group         0x0000000000000000        0x8 binaries/bzero.o
 .text.__x86.get_pc_thunk.ax
                0x0000000000000000        0x4 binaries/bzero.o
 .group         0x0000000000000000        0x8 binaries/doprnt.o
 .group         0x0000000000000000        0x8 binaries/doprnt.o
 .group         0x0000000000000000        0x8 binaries/doprnt.o
 .text.__x86.get_pc_thunk.ax
                0x0000000000000000        0x4 binaries/doprnt.o
 .group         0x0000000000000000        0x8 binaries/doscan.o
 .group         0x0000000000000000        0x8 binaries/doscan.o
 .text.__x86.get_pc_thunk.ax
                0x0000000000000000        0x4 binaries/doscan.o
 .group         0x0000000000000000        0x8 binaries/fdoprnt.o
 .group         0x0000000000000000        0x8 binaries/fdoprnt.o
 .text.__x86.get_pc_thunk.ax
                0x0000000000000000        0x4 binaries/fdoprnt.o
 .text.__x86.get_pc_thunk.bx
                0x0000000000000000        0x4 binaries/fdoprnt.o
 .group         0x0000000000000000        0x8 binaries/fgetc.o
 .text.__x86.get_pc_thunk.ax
                0x0000000000000000        0x4 binaries/fgetc.o
 .group         0x0000000000000000        0x8 binaries/fgets.o
 .text.__x86.get_pc_thunk.bx
                0x0000000000000000        0x4 binaries/fgets.o
 .group         0x0000000000000000        0x8 binaries/fprintf.o
 .text.__x86.get_pc_thunk.ax
                0x0000000000000000        0x4 binaries/fprintf.o
 .group         0x0000000000000000        0x8 binaries/fputc.o
 .text.__x86.get_pc_thunk.ax
                0x0000000000000000        0x4 binaries/fputc.o
 .group         0x0000000000000000        0x8 binaries/fputs.o
 .text.__x86.get_pc_thunk.bx
                0x0000000000000000        0x4 binaries/fputs.o
 .group         0x0000000000000000        0x8 binaries/fscanf.o
 .text.__x86.get_pc_thunk.ax
                0x0000000000000000        0x4 binaries/fscanf.o
 .group         0x0000000000000000        0x8 binaries/getchar.o
 .text.__x86.get_pc_thunk.dx
                0x0000000000000000        0x4 binaries/getchar.o
 .group         0x0000000000000000        0x8 binaries/labs.o
 .text.__x86.get_pc_thunk.ax
                0x0000000000000000        0x4 binaries/labs.o
[...]
Memory Configuration

Name             Origin             Length             Attributes
*default*        0x0000000000000000 0xffffffffffffffff

Linker script and memory map

                0x0000000000100000                physbase = 0x100000
                0x0000000000100000                . = physbase
                0x0000000000100000                . = ALIGN (0x1000)

.text           0x0000000000100000    0x1d000
                0x0000000000100000                text = ABSOLUTE (.)
 *(.text .text.*)
 .text          0x0000000000100000      0x165 binaries/start.o
                0x0000000000100020                entry
                0x000000000010003d                start
                0x00000000001000a5                inb
                0x00000000001000ad                inw
                0x00000000001000b6                inl
                0x00000000001000be                outb
                0x00000000001000c8                outw
                0x00000000001000d3                outl
                0x00000000001000dd                _rtcin
                0x00000000001000e8                ___udivsi3
                0x00000000001000f3                ___divsi3
                0x00000000001000ff                sbzero
                0x000000000010010f                bcopy
                0x0000000000100123                insw
                0x0000000000100139                outsw
                0x000000000010014f                lidt
                0x0000000000100157                jumptocode
                0x000000000010015e                jumptobootcode
 .text          0x0000000000100165      0x405 binaries/ascdate.o
                0x0000000000100165                ascdate
 .text          0x000000000010056a       0x14 binaries/bufinit.o
                0x000000000010056a                bufinit
 .text          0x000000000010057e       0x92 binaries/chprio.o
                0x000000000010057e                chprio
 .text          0x0000000000100610       0x96 binaries/clkhandler.o
                0x0000000000100610                clkhandler
 .text          0x00000000001006a6       0x89 binaries/clkinit.o
                0x00000000001006a6                clkinit
 .text          0x000000000010072f       0x6a binaries/close.o
                0x000000000010072f                close
 .text          0x0000000000100799        0x0 binaries/conf.o
 .text          0x0000000000100799       0x7f binaries/control.o
                0x0000000000100799                control
 .text          0x0000000000100818      0x2a8 binaries/create.o
                0x0000000000100818                create
 .text          0x0000000000100ac0      0x367 binaries/evec.o
                0x0000000000100ac0                initevec
                0x0000000000100b16                set_evec
                0x0000000000100bb8                trap
 .text          0x0000000000100e27       0x15 binaries/exit.o
                0x0000000000100e27                exit
 .text          0x0000000000100e3c       0x7c binaries/freebuf.o
                0x0000000000100e3c                freebuf
 .text          0x0000000000100eb8      0x167 binaries/freemem.o
                0x0000000000100eb8                freemem
 .text          0x000000000010101f       0x7a binaries/getbuf.o
                0x000000000010101f                getbuf
 .text          0x0000000000101099       0x6a binaries/getc.o
                0x0000000000101099                getc
 .text          0x0000000000101103       0x72 binaries/getdev.o
                0x0000000000101103                getdev
 .text          0x0000000000101175       0xc8 binaries/getitem.o
                0x0000000000101175                getfirst
                0x00000000001011b6                getlast
                0x00000000001011f9                getitem
 .text          0x000000000010123d       0xfb binaries/getmem.o
                0x000000000010123d                getmem
 .text          0x0000000000101338        0xa binaries/getpid.o
                0x0000000000101338                getpid
 .text          0x0000000000101342       0x75 binaries/getprio.o
                0x0000000000101342                getprio
 .text          0x00000000001013b7       0xf2 binaries/getstk.o
                0x00000000001013b7                getstk
 .text          0x00000000001014a9       0x16 binaries/getticks.o
                0x00000000001014a9                getticks
 .text          0x00000000001014bf       0x36 binaries/gettime.o
                0x00000000001014bf                gettime
 .text          0x00000000001014f5      0x1f9 binaries/getutime.o
                0x00000000001014f5                getutime
 .text          0x00000000001016ee      0x409 binaries/i386.o
                0x00000000001016ee                setsegs
                0x0000000000101805                init8259
                0x00000000001018da                pseg
                0x0000000000101a9d                setirmask
 .text          0x0000000000101af7       0x6a binaries/init.o
                0x0000000000101af7                init
 .text          0x0000000000101b61      0x3ed binaries/initialize.o
                0x0000000000101b61                nulluser
                0x0000000000101ef9                stop
                0x0000000000101f20                delay
 .text          0x0000000000101f4e       0xdd binaries/insert.o
                0x0000000000101f4e                insert
 .text          0x000000000010202b      0x10f binaries/insertd.o
                0x000000000010202b                insertd
 .text          0x000000000010213a        0xa binaries/ioerr.o
                0x000000000010213a                ioerr
 .text          0x0000000000102144        0xa binaries/ionull.o
                0x0000000000102144                ionull
 .text          0x000000000010214e      0x188 binaries/kill.o
                0x000000000010214e                kill
 .text          0x00000000001022d6      0x17b binaries/kprintf.o
                0x00000000001022d6                kputc
                0x000000000010237f                kgetc
                0x0000000000102424                kprintf
 .text          0x0000000000102451       0xe7 binaries/main.o
                0x0000000000102451                main
 .text          0x0000000000102538      0x10a binaries/mark.o
                0x0000000000102538                markinit
                0x000000000010255b                notmarked
                0x00000000001025aa                mark
 .text          0x0000000000102642       0xca binaries/meminit.o
                0x0000000000102642                meminit
 .text          0x000000000010270c      0x146 binaries/mkbufpool.o
                0x000000000010270c                mkbufpool
 .text          0x0000000000102852       0x94 binaries/newqueue.o
                0x0000000000102852                newqueue
 .text          0x00000000001028e6       0x78 binaries/open.o
                0x00000000001028e6                open
 .text          0x000000000010295e       0x20 binaries/panic.o
                0x000000000010295e                panic
 .text          0x000000000010297e      0x498 binaries/pci.o
                0x000000000010297e                pci_init
                0x0000000000102c4a                find_pci_device
                0x0000000000102c98                pci_bios_read_config_byte
                0x0000000000102cd7                pci_bios_read_config_word
                0x0000000000102d19                pci_bios_read_config_dword
                0x0000000000102d58                pci_bios_write_config_byte
                0x0000000000102d99                pci_bios_write_config_word
                0x0000000000102ddb                pci_bios_write_config_dword
 .text          0x0000000000102e16       0xe6 binaries/ptclear.o
                0x0000000000102e16                _ptclear
 .text          0x0000000000102efc       0x8f binaries/ptcount.o
                0x0000000000102efc                ptcount
 .text          0x0000000000102f8b      0x105 binaries/ptcreate.o
                0x0000000000102f8b                ptcreate
 .text          0x0000000000103090       0x80 binaries/ptdelete.o
                0x0000000000103090                ptdelete
 .text          0x0000000000103110       0xb7 binaries/ptinit.o
                0x0000000000103110                ptinit
 .text          0x00000000001031c7      0x10a binaries/ptrecv.o
                0x00000000001031c7                ptrecv
 .text          0x00000000001032d1       0x78 binaries/ptreset.o
                0x00000000001032d1                ptreset
 .text          0x0000000000103349      0x128 binaries/ptsend.o
                0x0000000000103349                ptsend
 .text          0x0000000000103471       0x78 binaries/putc.o
                0x0000000000103471                putc
 .text          0x00000000001034e9      0x10c binaries/queue.o
                0x00000000001034e9                enqueue
                0x000000000010358c                dequeue
 .text          0x00000000001035f5       0x78 binaries/read.o
                0x00000000001035f5                read
 .text          0x000000000010366d       0x81 binaries/ready.o
                0x000000000010366d                ready
 .text          0x00000000001036ee       0x5f binaries/receive.o
                0x00000000001036ee                receive
 .text          0x000000000010374d       0x5b binaries/recvclr.o
                0x000000000010374d                recvclr
 .text          0x00000000001037a8       0xba binaries/recvtime.o
                0x00000000001037a8                recvtime
 .text          0x0000000000103862      0x169 binaries/resched.o
                0x0000000000103862                resched
                0x0000000000103956                resched_cntl
 .text          0x00000000001039cb       0xa9 binaries/resume.o
                0x00000000001039cb                resume
 .text          0x0000000000103a74       0x71 binaries/seek.o
                0x0000000000103a74                seek
 .text          0x0000000000103ae5       0x69 binaries/semcount.o
                0x0000000000103ae5                semcount
 .text          0x0000000000103b4e       0xcf binaries/semcreate.o
                0x0000000000103b4e                semcreate
 .text          0x0000000000103c1d       0xba binaries/semdelete.o
                0x0000000000103c1d                semdelete
 .text          0x0000000000103cd7       0xbc binaries/semreset.o
                0x0000000000103cd7                semreset
 .text          0x0000000000103d93       0xda binaries/send.o
                0x0000000000103d93                send
 .text          0x0000000000103e6d       0x97 binaries/signal.o
                0x0000000000103e6d                signal
 .text          0x0000000000103f04       0xc3 binaries/signaln.o
                0x0000000000103f04                signaln
 .text          0x0000000000103fc7       0xe5 binaries/sleep.o
                0x0000000000103fc7                sleep
                0x0000000000104011                sleepms
 .text          0x00000000001040ac      0x1b1 binaries/stacktrace.o
                0x00000000001040ac                stacktrace
 .text          0x000000000010425d       0xda binaries/suspend.o
                0x000000000010425d                suspend
 .text          0x0000000000104337       0xdc binaries/unsleep.o
                0x0000000000104337                unsleep
 .text          0x0000000000104413       0x15 binaries/userret.o
                0x0000000000104413                userret
 .text          0x0000000000104428       0xd3 binaries/wait.o
                0x0000000000104428                wait
 .text          0x00000000001044fb       0x68 binaries/wakeup.o
                0x00000000001044fb                wakeup
 .text          0x0000000000104563       0x78 binaries/write.o
                0x0000000000104563                write
 .text          0x00000000001045db       0x19 binaries/xdone.o
                0x00000000001045db                xdone
 .text          0x00000000001045f4       0x25 binaries/yield.o
                0x00000000001045f4                yield
 .text          0x0000000000104619       0x1b binaries/abs.o
                0x0000000000104619                abs
 .text.__x86.get_pc_thunk.ax
                0x0000000000104634        0x4 binaries/abs.o
                0x0000000000104634                __x86.get_pc_thunk.ax
 .text          0x0000000000104638       0xa1 binaries/atoi.o
                0x0000000000104638                atoi
 .text          0x00000000001046d9       0xa1 binaries/atol.o
                0x00000000001046d9                atol
 .text          0x000000000010477a       0x3e binaries/bzero.o
                0x000000000010477a                bzero
 .text          0x00000000001047b8        0x0 binaries/ctype_.o
 .text          0x00000000001047b8      0x95a binaries/doprnt.o
                0x00000000001047b8                _doprnt
 .text.__x86.get_pc_thunk.dx
                0x0000000000105112        0x4 binaries/doprnt.o
                0x0000000000105112                __x86.get_pc_thunk.dx
 .text.__x86.get_pc_thunk.bx
                0x0000000000105116        0x4 binaries/doprnt.o
                0x0000000000105116                __x86.get_pc_thunk.bx
 .text          0x000000000010511a      0x6fa binaries/doscan.o
                0x000000000010511a                _doscan
 .text.__x86.get_pc_thunk.di
                0x0000000000105814        0x4 binaries/doscan.o
                0x0000000000105814                __x86.get_pc_thunk.di
 .text          0x0000000000105818      0x777 binaries/fdoprnt.o
                0x0000000000105818                _fdoprnt
 .text          0x0000000000105f8f       0x3b binaries/fgetc.o
                0x0000000000105f8f                fgetc
 .text          0x0000000000105fca       0x86 binaries/fgets.o
                0x0000000000105fca                fgets
 .text          0x0000000000106050       0x3e binaries/fprintf.o
                0x0000000000106050                fprintf
 .text          0x000000000010608e       0x3e binaries/fputc.o
                0x000000000010608e                fputc
 .text          0x00000000001060cc       0x54 binaries/fputs.o
                0x00000000001060cc                fputs
 .text          0x0000000000106120       0xbc binaries/fscanf.o
                0x0000000000106120                fscanf
 .text          0x00000000001061dc       0x48 binaries/getchar.o
                0x00000000001061dc                getchar
 .text          0x0000000000106224       0x1b binaries/labs.o
                0x0000000000106224                labs
 .text          0x000000000010623f       0x5c binaries/memcmp.o
                0x000000000010623f                memcmp
 .text          0x000000000010629b       0x49 binaries/memcpy.o
                0x000000000010629b                memcpy
 .text          0x00000000001062e4       0x3a binaries/memset.o
                0x00000000001062e4                memset
 .text          0x000000000010631e       0x5f binaries/printf.o
                0x000000000010631e                printf
 .text          0x000000000010637d       0x4b binaries/putchar.o
                0x000000000010637d                putchar
 .text          0x00000000001063c8      0x2b1 binaries/qsort.o
                0x00000000001063c8                qsort
 .text          0x0000000000106679       0x83 binaries/rand.o
                0x0000000000106679                rand
                0x000000000010669f                rand_r
                0x00000000001066e3                srand
 .text          0x00000000001066fc       0x86 binaries/sprintf.o
                0x00000000001066fc                sprintf
 .text          0x0000000000106782       0x9a binaries/sscanf.o
                0x0000000000106782                sscanf
 .text          0x000000000010681c       0x46 binaries/strchr.o
                0x000000000010681c                strchr
 .text          0x0000000000106862       0x4f binaries/strcmp.o
                0x0000000000106862                strcmp
 .text          0x00000000001068b1       0x31 binaries/strcpy.o
                0x00000000001068b1                strcpy
 .text          0x00000000001068e2       0x32 binaries/strlen.o
                0x00000000001068e2                strlen
 .text          0x0000000000106914       0x62 binaries/strncat.o
                0x0000000000106914                strncat
 .text          0x0000000000106976       0x68 binaries/strncmp.o
                0x0000000000106976                strncmp
 .text          0x00000000001069de       0x59 binaries/strncpy.o
                0x00000000001069de                strncpy
 .text          0x0000000000106a37       0x3a binaries/strnlen.o
                0x0000000000106a37                strnlen
 .text          0x0000000000106a71       0x51 binaries/strrchr.o
                0x0000000000106a71                strrchr
 .text          0x0000000000106ac2       0x7a binaries/strstr.o
                0x0000000000106ac2                strstr
 .text          0x0000000000106b3c       0xdd binaries/ttycontrol.o
                0x0000000000106b3c                ttycontrol
 .text          0x0000000000106c19       0x98 binaries/ttygetc.o
                0x0000000000106c19                ttygetc
 .text          0x0000000000106cb1      0x756 binaries/ttyhandle_in.o
                0x0000000000106cb1                ttyhandle_in
 .text          0x0000000000107407      0x1ae binaries/ttyhandle_out.o
                0x0000000000107407                ttyhandle_out
 .text          0x00000000001075b5       0xc6 binaries/ttyhandler.o
                0x00000000001075b5                ttyhandler
 .text          0x000000000010767b      0x22b binaries/ttyinit.o
                0x000000000010767b                ttyinit
 .text          0x00000000001078a6       0x1d binaries/ttykickout.o
                0x00000000001078a6                ttykickout
 .text          0x00000000001078c3       0xb2 binaries/ttyputc.o
                0x00000000001078c3                ttyputc
 .text          0x0000000000107975      0x10f binaries/ttyread.o
                0x0000000000107975                ttyread
 .text          0x0000000000107a84       0x4f binaries/ttywrite.o
                0x0000000000107a84                ttywrite
 .text          0x0000000000107ad3      0x16a binaries/mount.o
                0x0000000000107ad3                mount
                0x0000000000107c07                namlen
 .text          0x0000000000107c3d      0x229 binaries/naminit.o
                0x0000000000107c3d                naminit
 .text          0x0000000000107e66      0x216 binaries/nammap.o
                0x0000000000107e66                nammap
                0x0000000000107ef7                namrepl
                0x000000000010802c                namcpy
 .text          0x000000000010807c       0x55 binaries/namopen.o
                0x000000000010807c                namopen
 .text          0x00000000001080d1      0xfa3 binaries/82545EMInit.o
                0x0000000000108128                _82545EMInit
                0x0000000000108ece                _82545EM_read_phy_reg
                0x0000000000108f9d                _82545EM_write_phy_reg
 .text          0x0000000000109074      0x24c binaries/ethcontrol.o
                0x00000000001090cb                ethcontrol
                0x0000000000109248                ethIrqDisable
                0x0000000000109284                ethIrqEnable
 .text          0x00000000001092c0      0x241 binaries/ethhandler.o
                0x0000000000109431                ethhandler
 .text          0x0000000000109501      0x122 binaries/ethinit.o
                0x0000000000109501                ethinit
 .text          0x0000000000109623      0x1f0 binaries/ethread.o
                0x000000000010967a                ethread
 .text          0x0000000000109813      0x19a binaries/ethwrite.o
                0x000000000010986a                ethwrite
 .text          0x00000000001099ad       0xab binaries/rdsars.o
                0x00000000001099ad                rdsars
 .text          0x0000000000109a58      0x2d6 binaries/rdscomm.o
                0x0000000000109a58                rdscomm
 .text          0x0000000000109d2e      0x1e5 binaries/rdscontrol.o
                0x0000000000109d2e                rdscontrol
 .text          0x0000000000109f13       0x51 binaries/rdsinit.o
                0x0000000000109f13                rdsinit
 .text          0x0000000000109f64      0x3ce binaries/rdsopen.o
                0x0000000000109f64                rdsopen
 .text          0x000000000010a332      0x532 binaries/rdsprocess.o
                0x000000000010a332                rdsprocess
 .text          0x000000000010a864      0x5b5 binaries/rdsqfcns.o
                0x000000000010a864                rdqadd
                0x000000000010a8b9                rdqfree
                0x000000000010a95b                rdcget
                0x000000000010a9b2                rdcadd
                0x000000000010aadb                rdqdump
                0x000000000010ac9e                rdcdump
 .text          0x000000000010ae19       0xcd binaries/rdsread.o
                0x000000000010ae19                rdsread
 .text          0x000000000010aee6       0xcd binaries/rdswrite.o
                0x000000000010aee6                rdswrite
 .text          0x000000000010afb3        0xa binaries/ramclose.o
                0x000000000010afb3                ramclose
 .text          0x000000000010afbd       0x45 binaries/raminit.o
                0x000000000010afbd                raminit
 .text          0x000000000010b002        0xa binaries/ramopen.o
                0x000000000010b002                ramopen
 .text          0x000000000010b00c       0x35 binaries/ramread.o
                0x000000000010b00c                ramread
 .text          0x000000000010b041       0x36 binaries/ramwrite.o
                0x000000000010b041                ramwrite
 .text          0x000000000010b077       0x9e binaries/lfdballoc.o
                0x000000000010b077                lfdballoc
 .text          0x000000000010b115       0x62 binaries/lfdbfree.o
                0x000000000010b115                lfdbfree
 .text          0x000000000010b177       0xbf binaries/lfflush.o
                0x000000000010b177                lfflush
 .text          0x000000000010b236       0xd8 binaries/lfgetmode.o
                0x000000000010b236                lfgetmode
 .text          0x000000000010b30e       0x6c binaries/lfiballoc.o
                0x000000000010b30e                lfiballoc
 .text          0x000000000010b37a       0x3b binaries/lfibclear.o
                0x000000000010b37a                lfibclear
 .text          0x000000000010b3b5       0xae binaries/lfibget.o
                0x000000000010b3b5                lfibget
 .text          0x000000000010b463       0xe0 binaries/lfibput.o
                0x000000000010b463                lfibput
 .text          0x000000000010b543       0x93 binaries/lflclose.o
                0x000000000010b543                lflclose
 .text          0x000000000010b5d6       0xb5 binaries/lflcontrol.o
                0x000000000010b5d6                lflcontrol
 .text          0x000000000010b68b       0xdf binaries/lflgetc.o
                0x000000000010b68b                lflgetc
 .text          0x000000000010b76a       0xfb binaries/lflinit.o
                0x000000000010b76a                lflinit
 .text          0x000000000010b865      0x10f binaries/lflputc.o
                0x000000000010b865                lflputc
 .text          0x000000000010b974       0x6d binaries/lflread.o
                0x000000000010b974                lflread
 .text          0x000000000010b9e1       0x9c binaries/lflseek.o
                0x000000000010b9e1                lflseek
 .text          0x000000000010ba7d       0x55 binaries/lflwrite.o
                0x000000000010ba7d                lflwrite
 .text          0x000000000010bad2       0x62 binaries/lfscheck.o
                0x000000000010bad2                lfscheck
 .text          0x000000000010bb34      0x176 binaries/lfsckfmt.o
                0x000000000010bb34                lfsckfmt
 .text          0x000000000010bcaa      0x221 binaries/lfscreate.o
                0x000000000010bcaa                lfscreate
 .text          0x000000000010becb      0x282 binaries/lfsetup.o
                0x000000000010becb                lfsetup
 .text          0x000000000010c14d       0x55 binaries/lfsinit.o
                0x000000000010c14d                lfsinit
 .text          0x000000000010c1a2      0x3cb binaries/lfsopen.o
                0x000000000010c1a2                lfsopen
 .text          0x000000000010c56d      0x161 binaries/lftruncate.o
                0x000000000010c56d                lftruncate
 .text          0x000000000010c6ce      0x1a5 binaries/rflclose.o
                0x000000000010c6ce                rflclose
 .text          0x000000000010c873       0x5d binaries/rflgetc.o
                0x000000000010c873                rflgetc
 .text          0x000000000010c8d0       0x76 binaries/rflinit.o
                0x000000000010c8d0                rflinit
 .text          0x000000000010c946       0x39 binaries/rflputc.o
                0x000000000010c946                rflputc
 .text          0x000000000010c97f      0x386 binaries/rflread.o
                0x000000000010c97f                rflread
 .text          0x000000000010cd05       0x68 binaries/rflseek.o
                0x000000000010cd05                rflseek
 .text          0x000000000010cd6d      0x336 binaries/rflwrite.o
                0x000000000010cd6d                rflwrite
 .text          0x000000000010d0a3      0x22f binaries/rfscomm.o
                0x000000000010d0a3                rfscomm
 .text          0x000000000010d2d2      0x258 binaries/rfscontrol.o
                0x000000000010d2d2                rfscontrol
 .text          0x000000000010d52a       0xd8 binaries/rfsgetmode.o
                0x000000000010d52a                rfsgetmode
 .text          0x000000000010d602       0x61 binaries/rfsinit.o
                0x000000000010d602                rfsinit
 .text          0x000000000010d663      0x128 binaries/rfsndmsg.o
                0x000000000010d663                rfsndmsg
 .text          0x000000000010d78b      0x28d binaries/rfsopen.o
                0x000000000010d78b                rfsopen
 .text          0x000000000010da18       0xe8 binaries/pipe_close.o
                0x000000000010da18                pipe_close
 .text          0x000000000010db00      0x115 binaries/pipe_getc.o
                0x000000000010db00                pipe_getc
 .text          0x000000000010dc15       0x38 binaries/pipe_init.o
                0x000000000010dc15                pipe_init
 .text          0x000000000010dc4d       0x99 binaries/pipe_open.o
                0x000000000010dc4d                pipe_open
 .text          0x000000000010dce6       0xa5 binaries/pipe_putc.o
                0x000000000010dce6                pipe_putc
 .text          0x000000000010dd8b       0x65 binaries/pipe_read.o
                0x000000000010dd8b                pipe_read
 .text          0x000000000010ddf0       0x65 binaries/pipe_write.o
                0x000000000010ddf0                pipe_write
 .text          0x000000000010de55      0x855 binaries/arp.o
                0x000000000010de55                arp_init
                0x000000000010de87                arp_resolve
                0x000000000010e154                arp_in
                0x000000000010e406                arp_alloc
                0x000000000010e4d2                arp_ntoh
                0x000000000010e5be                arp_hton
 .text          0x000000000010e6aa      0x95b binaries/dhcp.o
                0x000000000010e6aa                dhcp_get_opt_val
                0x000000000010e703                dhcp_bld_bootp_msg
                0x000000000010e82d                dhcp_bld_disc
                0x000000000010e927                dhcp_bld_req
                0x000000000010eaa4                getlocalip
 .text          0x000000000010f005      0x6e3 binaries/dns.o
                0x000000000010f005                dnslookup
 .text          0x000000000010f6e8       0xe0 binaries/dot2ip.o
                0x000000000010f6e8                dot2ip
 .text          0x000000000010f7c8      0x468 binaries/hexdump.o
                0x000000000010f7c8                hexdump
                0x000000000010f94b                hexadump
 .text          0x000000000010fc30      0x8c4 binaries/icmp.o
                0x000000000010fc30                icmp_init
                0x000000000010fc66                icmp_in
                0x000000000010fe6e                icmp_register
                0x000000000010ff60                icmp_recv
                0x00000000001100d9                icmp_send
                0x000000000011016e                icmp_mkpkt
                0x0000000000110289                icmp_release
                0x0000000000110379                icmp_cksum
                0x000000000011040c                icmp_hton
                0x0000000000110480                icmp_ntoh
 .text          0x00000000001104f4      0x81d binaries/ip.o
                0x00000000001104f4                ip_in
                0x0000000000110640                ip_send
                0x0000000000110782                ip_local
                0x00000000001107c5                ip_out
                0x00000000001108f2                ipcksum
                0x0000000000110978                ip_ntoh
                0x0000000000110a64                ip_hton
                0x0000000000110b50                ipout
                0x0000000000110c72                ip_enqueue
 .text          0x0000000000110d11      0x2ed binaries/net.o
                0x0000000000110d11                net_init
                0x0000000000110e69                netin
                0x0000000000110f15                eth_hton
                0x0000000000110f3f                eth_ntoh
                0x0000000000110f69                getport
 .text          0x0000000000110ffe     0x1539 binaries/pdump.o
                0x0000000000110ffe                pdump
                0x0000000000111e1a                pdumph
 .text          0x0000000000112537      0x64a binaries/tftp.o
                0x0000000000112537                tftp_send1
                0x00000000001126c7                tftpget
                0x0000000000112709                tftpget_mb
 .text          0x0000000000112b81      0xb08 binaries/udp.o
                0x0000000000112b81                udp_init
                0x0000000000112bb5                udp_in
                0x0000000000112cf0                udp_register
                0x0000000000112e24                udp_recv
                0x0000000000112faa                udp_recvaddr
                0x0000000000113148                udp_send
                0x0000000000113317                udp_sendto
                0x00000000001134b2                udp_release
                0x000000000011359f                udp_ntoh
                0x0000000000113614                udp_hton
 .text          0x0000000000113689      0x187 binaries/addargs.o
                0x0000000000113689                addargs
 .text          0x0000000000113810      0x31b binaries/lexan.o
                0x0000000000113810                lexan
 .text          0x0000000000113b2b      0x9cd binaries/shell.o
                0x0000000000113b2b                cmdlookup
                0x0000000000113b8e                shell
 .text          0x00000000001144f8       0x68 binaries/xsh_argecho.o
                0x00000000001144f8                xsh_argecho
 .text          0x0000000000114560      0x23a binaries/xsh_arp.o
                0x0000000000114560                xsh_arp
 .text          0x000000000011479a      0x251 binaries/xsh_cat.o
                0x000000000011479a                xsh_cat
 .text          0x00000000001149eb       0x5b binaries/xsh_clear.o
                0x00000000001149eb                xsh_clear
 .text          0x0000000000114a46      0x2ea binaries/xsh_date.o
                0x0000000000114a46                xsh_date
 .text          0x0000000000114d30       0xad binaries/xsh_devdump.o
                0x0000000000114d30                xsh_devdump
 .text          0x0000000000114ddd       0x6c binaries/xsh_echo.o
                0x0000000000114ddd                xsh_echo
 .text          0x0000000000114e49        0xa binaries/xsh_exit.o
                0x0000000000114e49                xsh_exit
 .text          0x0000000000114e53      0x33c binaries/xsh_help.o
                0x0000000000114e53                xsh_help
 .text          0x000000000011518f      0x23c binaries/xsh_kill.o
                0x000000000011518f                xsh_kill
 .text          0x00000000001153cb      0x545 binaries/xsh_ls.o
                0x00000000001153cb                xsh_ls
 .text          0x0000000000115910      0x516 binaries/xsh_memdump.o
                0x0000000000115910                xsh_memdump
 .text          0x0000000000115e26      0x29b binaries/xsh_memstat.o
                0x0000000000115e26                xsh_memstat
 .text          0x00000000001160c1      0x5b6 binaries/xsh_netinfo.o
                0x00000000001160c1                xsh_netinfo
 .text          0x0000000000116677      0x5f8 binaries/xsh_ns.o
                0x0000000000116677                xsh_ns
 .text          0x0000000000116c6f      0x3d7 binaries/xsh_ping.o
                0x0000000000116c6f                xsh_ping
 .text          0x0000000000117046      0x260 binaries/xsh_ps.o
                0x0000000000117046                xsh_ps
 .text          0x00000000001172a6      0x219 binaries/xsh_sleep.o
                0x00000000001172a6                xsh_sleep
 .text          0x00000000001174bf      0x26e binaries/xsh_tee.o
                0x00000000001174bf                xsh_tee
 .text          0x000000000011772d      0x2b6 binaries/xsh_udpdump.o
                0x000000000011772d                xsh_udpdump
 .text          0x00000000001179e3      0x590 binaries/xsh_udpecho.o
                0x00000000001179e3                xsh_udpecho
 .text          0x0000000000117f73      0x2d5 binaries/xsh_udpserver.o
                0x0000000000117f73                xsh_udpeserver
 .text          0x0000000000118248      0x1e1 binaries/xsh_uptime.o
                0x0000000000118248                xsh_uptime
 .text          0x0000000000118429        0xe binaries/clkdisp.o
                0x0000000000118429                clkdisp
 .text          0x0000000000118437       0x19 binaries/ctxsw.o
                0x0000000000118437                ctxsw
 .text          0x0000000000118450      0x36b binaries/intr.o
                0x0000000000118450                disable
                0x0000000000118459                restore
                0x0000000000118467                enable
                0x0000000000118469                pause
                0x0000000000118470                halt
                0x0000000000118476                spurious_irq7
                0x000000000011847b                spurious_irq15
                0x000000000011848a                _Xint0
                0x0000000000118495                _Xint1
                0x00000000001184a0                _Xint2
                0x00000000001184ab                _Xint3
                0x00000000001184b6                _Xint4
                0x00000000001184c1                _Xint5
                0x00000000001184cc                _Xint6
                0x00000000001184d7                _Xint7
                0x00000000001184e2                _Xint8
                0x00000000001184ed                _Xint9
                0x00000000001184f8                _Xint10
                0x0000000000118503                _Xint11
                0x0000000000118511                _Xint12
                0x000000000011851f                _Xint13
                0x000000000011852d                _Xint14
                0x000000000011853b                _Xint15
                0x0000000000118549                _Xint16
                0x0000000000118557                _Xint17
                0x0000000000118565                _Xint18
                0x0000000000118573                _Xint19
                0x0000000000118581                _Xint20
                0x000000000011858f                _Xint21
                0x000000000011859d                _Xint22
                0x00000000001185ab                _Xint23
                0x00000000001185b9                _Xint24
                0x00000000001185c7                _Xint25
                0x00000000001185d5                _Xint26
                0x00000000001185e3                _Xint27
                0x00000000001185f1                _Xint28
                0x00000000001185ff                _Xint29
                0x000000000011860d                _Xint30
                0x000000000011861b                _Xint31
                0x0000000000118629                _Xint32
                0x0000000000118637                _Xint33
                0x0000000000118645                _Xint34
                0x0000000000118653                _Xint35
                0x0000000000118661                _Xint36
                0x000000000011866f                _Xint37
                0x000000000011867d                _Xint38
                0x000000000011868b                _Xint39
                0x0000000000118699                _Xint40
                0x00000000001186a7                _Xint41
                0x00000000001186b5                _Xint42
                0x00000000001186c3                _Xint43
                0x00000000001186d1                _Xint44
                0x00000000001186df                _Xint45
                0x00000000001186ed                _Xint46
                0x00000000001186fb                defevec
 .text          0x00000000001187bb        0xf binaries/ttydispatch.o
                0x00000000001187bb                ttydispatch
 .text          0x00000000001187ca       0x13 binaries/ethdispatch.o
                0x00000000001187ca                ethdispatch
 *(.rodata .rodata.*)
 *fill*         0x00000000001187dd        0x3 
 .rodata        0x00000000001187e0       0x8e binaries/ascdate.o
 .rodata        0x000000000011886e       0xef binaries/conf.o
 *fill*         0x000000000011895d        0x3 
 .rodata        0x0000000000118960      0x22f binaries/evec.o
 *fill*         0x0000000000118b8f        0x1 
 .rodata        0x0000000000118b90       0x61 binaries/getutime.o
 *fill*         0x0000000000118bf1        0x3 
 .rodata        0x0000000000118bf4       0x90 binaries/i386.o
 .rodata        0x0000000000118c84      0x180 binaries/initialize.o
 .rodata        0x0000000000118e04       0x20 binaries/kill.o
 .rodata        0x0000000000118e24       0x2e binaries/main.o
 .rodata        0x0000000000118e52        0xf binaries/panic.o
 *fill*         0x0000000000118e61        0x3 
 .rodata        0x0000000000118e64      0x1ec binaries/pci.o
 .rodata        0x0000000000119050       0x1d binaries/ptinit.o
 *fill*         0x000000000011906d        0x3 
 .rodata        0x0000000000119070       0x25 binaries/ptsend.o
 *fill*         0x0000000000119095        0x3 
 .rodata        0x0000000000119098       0xb7 binaries/stacktrace.o
 *fill*         0x000000000011914f        0x1 
 .rodata        0x0000000000119150       0x27 binaries/xdone.o
 *fill*         0x0000000000119177        0x9 
 .rodata        0x0000000000119180       0x81 binaries/ctype_.o
                0x0000000000119180                _ctype_
 *fill*         0x0000000000119201        0x3 
 .rodata        0x0000000000119204       0xee binaries/doprnt.o
 *fill*         0x00000000001192f2        0x2 
 .rodata        0x00000000001192f4       0xae binaries/fdoprnt.o
 *fill*         0x00000000001193a2        0x2 
 .rodata        0x00000000001193a4       0x20 binaries/ttycontrol.o
 .rodata        0x00000000001193c4       0x34 binaries/ttyhandler.o
 .rodata        0x00000000001193f8       0x14 binaries/mount.o
 .rodata        0x000000000011940c       0x82 binaries/naminit.o
 *fill*         0x000000000011948e        0x2 
 .rodata        0x0000000000119490       0x2e binaries/82545EMInit.o
 *fill*         0x00000000001194be        0x2 
 .rodata        0x00000000001194c0       0x78 binaries/ethinit.o
 .rodata        0x0000000000119538       0x18 binaries/ethread.o
 .rodata        0x0000000000119550       0x76 binaries/rdscomm.o
 *fill*         0x00000000001195c6        0x2 
 .rodata        0x00000000001195c8       0x21 binaries/rdscontrol.o
 *fill*         0x00000000001195e9        0x3 
 .rodata        0x00000000001195ec       0xcf binaries/rdsopen.o
 *fill*         0x00000000001196bb        0x1 
 .rodata        0x00000000001196bc       0x40 binaries/rdsprocess.o
 .rodata        0x00000000001196fc       0xe2 binaries/rdsqfcns.o
 .rodata        0x00000000001197de        0x9 binaries/raminit.o
 *fill*         0x00000000001197e7        0x1 
 .rodata        0x00000000001197e8       0x36 binaries/lfdballoc.o
 .rodata        0x000000000011981e       0x14 binaries/lfiballoc.o
 *fill*         0x0000000000119832        0x2 
 .rodata        0x0000000000119834       0x22 binaries/lflcontrol.o
 *fill*         0x0000000000119856        0x2 
 .rodata        0x0000000000119858      0x118 binaries/lfsckfmt.o
 .rodata        0x0000000000119970       0x66 binaries/lfsopen.o
 *fill*         0x00000000001199d6        0x2 
 .rodata        0x00000000001199d8       0x22 binaries/rflclose.o
 *fill*         0x00000000001199fa        0x2 
 .rodata        0x00000000001199fc       0x21 binaries/rflread.o
 *fill*         0x0000000000119a1d        0x3 
 .rodata        0x0000000000119a20       0x21 binaries/rflwrite.o
 *fill*         0x0000000000119a41        0x3 
 .rodata        0x0000000000119a44       0xa1 binaries/rfscomm.o
 *fill*         0x0000000000119ae5        0x3 
 .rodata        0x0000000000119ae8       0x3c binaries/rfscontrol.o
 .rodata        0x0000000000119b24       0x2b binaries/rfsinit.o
 *fill*         0x0000000000119b4f        0x1 
 .rodata        0x0000000000119b50       0x2a binaries/rfsndmsg.o
 *fill*         0x0000000000119b7a        0x2 
 .rodata        0x0000000000119b7c       0x21 binaries/rfsopen.o
 *fill*         0x0000000000119b9d        0x3 
 .rodata        0x0000000000119ba0       0x3a binaries/arp.o
 *fill*         0x0000000000119bda        0x2 
 .rodata        0x0000000000119bdc       0xcf binaries/dhcp.o
 .rodata        0x0000000000119cab       0x24 binaries/dns.o
 *fill*         0x0000000000119ccf        0x1 
 .rodata        0x0000000000119cd0       0xc9 binaries/hexdump.o
 *fill*         0x0000000000119d99        0x3 
 .rodata        0x0000000000119d9c       0x29 binaries/icmp.o
 *fill*         0x0000000000119dc5        0x3 
 .rodata        0x0000000000119dc8       0x52 binaries/ip.o
 *fill*         0x0000000000119e1a        0x2 
 .rodata        0x0000000000119e1c       0x4f binaries/net.o
 *fill*         0x0000000000119e6b        0x1 
 .rodata        0x0000000000119e6c      0x26f binaries/pdump.o
 *fill*         0x000000000011a0db        0x1 
 .rodata        0x000000000011a0dc      0x154 binaries/tftp.o
 *fill*         0x000000000011a230       0x10 
 .rodata        0x000000000011a240      0x38f binaries/shell.o
                0x000000000011a2e0                cmdtab
 .rodata        0x000000000011a5cf       0x28 binaries/xsh_argecho.o
 *fill*         0x000000000011a5f7        0x1 
 .rodata        0x000000000011a5f8      0x123 binaries/xsh_arp.o
 *fill*         0x000000000011a71b        0x1 
 .rodata        0x000000000011a71c       0xc9 binaries/xsh_cat.o
 .rodata        0x000000000011a7e5       0x19 binaries/xsh_clear.o
 *fill*         0x000000000011a7fe        0x2 
 .rodata        0x000000000011a800      0x1c3 binaries/xsh_date.o
 .rodata        0x000000000011a9c3       0x5d binaries/xsh_devdump.o
 .rodata        0x000000000011aa20        0x9 binaries/xsh_echo.o
 *fill*         0x000000000011aa29        0x3 
 .rodata        0x000000000011aa2c      0x169 binaries/xsh_help.o
 *fill*         0x000000000011ab95        0x3 
 .rodata        0x000000000011ab98      0x12e binaries/xsh_kill.o
 *fill*         0x000000000011acc6        0x2 
 .rodata        0x000000000011acc8      0x190 binaries/xsh_ls.o
 .rodata        0x000000000011ae58      0x266 binaries/xsh_memdump.o
 *fill*         0x000000000011b0be        0x2 
 .rodata        0x000000000011b0c0      0x225 binaries/xsh_memstat.o
 *fill*         0x000000000011b2e5        0x3 
 .rodata        0x000000000011b2e8      0x1b0 binaries/xsh_netinfo.o
 *fill*         0x000000000011b498        0x8 
 .rodata        0x000000000011b4a0      0x340 binaries/xsh_ns.o
 .rodata        0x000000000011b7e0      0x19d binaries/xsh_ping.o
 *fill*         0x000000000011b97d        0x3 
 .rodata        0x000000000011b980      0x1e0 binaries/xsh_ps.o
 .rodata        0x000000000011bb60       0xeb binaries/xsh_sleep.o
 *fill*         0x000000000011bc4b        0x1 
 .rodata        0x000000000011bc4c       0x94 binaries/xsh_tee.o
 .rodata        0x000000000011bce0      0x1b8 binaries/xsh_udpdump.o
 .rodata        0x000000000011be98      0x27d binaries/xsh_udpecho.o
 *fill*         0x000000000011c115        0x3 
 .rodata        0x000000000011c118      0x12b binaries/xsh_udpserver.o
 *fill*         0x000000000011c243        0x1 
 .rodata        0x000000000011c244      0x105 binaries/xsh_uptime.o
                0x000000000011c349                etext = ABSOLUTE (.)
                0x000000000011d000                . = ALIGN (0x1000)
 *fill*         0x000000000011c349      0xcb7 

.eh_frame       0x000000000011d000     0x2f8c
 .eh_frame      0x000000000011d000       0x40 binaries/ascdate.o
 .eh_frame      0x000000000011d040       0x20 binaries/bufinit.o
                                         0x38 (size before relaxing)
 .eh_frame      0x000000000011d060       0x20 binaries/chprio.o
                                         0x38 (size before relaxing)
 .eh_frame      0x000000000011d080       0x20 binaries/clkhandler.o
                                         0x38 (size before relaxing)
 .eh_frame      0x000000000011d0a0       0x20 binaries/clkinit.o
                                         0x38 (size before relaxing)
 .eh_frame      0x000000000011d0c0       0x20 binaries/close.o
                                         0x38 (size before relaxing)
 .eh_frame      0x000000000011d0e0       0x20 binaries/control.o
                                         0x38 (size before relaxing)
 .eh_frame      0x000000000011d100       0x40 binaries/create.o
                                         0x58 (size before relaxing)
 .eh_frame      0x000000000011d140       0x60 binaries/evec.o
                                         0x78 (size before relaxing)
 .eh_frame      0x000000000011d1a0       0x20 binaries/exit.o
                                         0x38 (size before relaxing)
 .eh_frame      0x000000000011d1c0       0x20 binaries/freebuf.o
                                         0x38 (size before relaxing)
 .eh_frame      0x000000000011d1e0       0x20 binaries/freemem.o
                                         0x38 (size before relaxing)
 .eh_frame      0x000000000011d200       0x20 binaries/getbuf.o
                                         0x38 (size before relaxing)
 .eh_frame      0x000000000011d220       0x20 binaries/getc.o
                                         0x38 (size before relaxing)
 .eh_frame      0x000000000011d240       0x20 binaries/getdev.o
                                         0x38 (size before relaxing)
 .eh_frame      0x000000000011d260       0x60 binaries/getitem.o
                                         0x78 (size before relaxing)
 .eh_frame      0x000000000011d2c0       0x20 binaries/getmem.o
                                         0x38 (size before relaxing)
 .eh_frame      0x000000000011d2e0       0x20 binaries/getpid.o
                                         0x38 (size before relaxing)
 .eh_frame      0x000000000011d300       0x20 binaries/getprio.o
                                         0x38 (size before relaxing)
 .eh_frame      0x000000000011d320       0x20 binaries/getstk.o
                                         0x38 (size before relaxing)
 .eh_frame      0x000000000011d340       0x20 binaries/getticks.o
                                         0x38 (size before relaxing)
 .eh_frame      0x000000000011d360       0x20 binaries/gettime.o
                                         0x38 (size before relaxing)
 .eh_frame      0x000000000011d380       0x20 binaries/getutime.o
                                         0x38 (size before relaxing)
 .eh_frame      0x000000000011d3a0       0x8c binaries/i386.o
                                         0xa4 (size before relaxing)
 .eh_frame      0x000000000011d42c       0x20 binaries/init.o
                                         0x38 (size before relaxing)
 .eh_frame      0x000000000011d44c       0xa0 binaries/initialize.o
                                         0xb8 (size before relaxing)
 .eh_frame      0x000000000011d4ec       0x20 binaries/insert.o
                                         0x38 (size before relaxing)
 .eh_frame      0x000000000011d50c       0x20 binaries/insertd.o
                                         0x38 (size before relaxing)
 .eh_frame      0x000000000011d52c       0x20 binaries/ioerr.o
                                         0x38 (size before relaxing)
 .eh_frame      0x000000000011d54c       0x20 binaries/ionull.o
                                         0x38 (size before relaxing)
 .eh_frame      0x000000000011d56c       0x20 binaries/kill.o
                                         0x38 (size before relaxing)
 .eh_frame      0x000000000011d58c       0x60 binaries/kprintf.o
                                         0x78 (size before relaxing)
 .eh_frame      0x000000000011d5ec       0x1c binaries/main.o
                                         0x34 (size before relaxing)
 .eh_frame      0x000000000011d608       0x60 binaries/mark.o
                                         0x78 (size before relaxing)
 .eh_frame      0x000000000011d668       0x20 binaries/meminit.o
                                         0x38 (size before relaxing)
 .eh_frame      0x000000000011d688       0x20 binaries/mkbufpool.o
                                         0x38 (size before relaxing)
 .eh_frame      0x000000000011d6a8       0x20 binaries/newqueue.o
                                         0x38 (size before relaxing)
 .eh_frame      0x000000000011d6c8       0x20 binaries/open.o
                                         0x38 (size before relaxing)
 .eh_frame      0x000000000011d6e8       0x1c binaries/panic.o
                                         0x34 (size before relaxing)
 .eh_frame      0x000000000011d704      0x1c8 binaries/pci.o
                                        0x1e0 (size before relaxing)
 .eh_frame      0x000000000011d8cc       0x20 binaries/ptclear.o
                                         0x38 (size before relaxing)
 .eh_frame      0x000000000011d8ec       0x20 binaries/ptcount.o
                                         0x38 (size before relaxing)
 .eh_frame      0x000000000011d90c       0x20 binaries/ptcreate.o
                                         0x38 (size before relaxing)
 .eh_frame      0x000000000011d92c       0x20 binaries/ptdelete.o
                                         0x38 (size before relaxing)
 .eh_frame      0x000000000011d94c       0x20 binaries/ptinit.o
                                         0x38 (size before relaxing)
 .eh_frame      0x000000000011d96c       0x20 binaries/ptrecv.o
                                         0x38 (size before relaxing)
 .eh_frame      0x000000000011d98c       0x20 binaries/ptreset.o
                                         0x38 (size before relaxing)
 .eh_frame      0x000000000011d9ac       0x20 binaries/ptsend.o
                                         0x38 (size before relaxing)
 .eh_frame      0x000000000011d9cc       0x20 binaries/putc.o
                                         0x38 (size before relaxing)
 .eh_frame      0x000000000011d9ec       0x40 binaries/queue.o
                                         0x58 (size before relaxing)
 .eh_frame      0x000000000011da2c       0x20 binaries/read.o
                                         0x38 (size before relaxing)
 .eh_frame      0x000000000011da4c       0x24 binaries/ready.o
                                         0x3c (size before relaxing)
 .eh_frame      0x000000000011da70       0x20 binaries/receive.o
                                         0x38 (size before relaxing)
 .eh_frame      0x000000000011da90       0x20 binaries/recvclr.o
                                         0x38 (size before relaxing)
 .eh_frame      0x000000000011dab0       0x20 binaries/recvtime.o
                                         0x38 (size before relaxing)
 .eh_frame      0x000000000011dad0       0x40 binaries/resched.o
                                         0x58 (size before relaxing)
 .eh_frame      0x000000000011db10       0x20 binaries/resume.o
                                         0x38 (size before relaxing)
 .eh_frame      0x000000000011db30       0x20 binaries/seek.o
                                         0x38 (size before relaxing)
 .eh_frame      0x000000000011db50       0x20 binaries/semcount.o
                                         0x38 (size before relaxing)
 .eh_frame      0x000000000011db70       0x40 binaries/semcreate.o
                                         0x58 (size before relaxing)
 .eh_frame      0x000000000011dbb0       0x20 binaries/semdelete.o
                                         0x38 (size before relaxing)
 .eh_frame      0x000000000011dbd0       0x20 binaries/semreset.o
                                         0x38 (size before relaxing)
 .eh_frame      0x000000000011dbf0       0x20 binaries/send.o
                                         0x38 (size before relaxing)
 .eh_frame      0x000000000011dc10       0x20 binaries/signal.o
                                         0x38 (size before relaxing)
 .eh_frame      0x000000000011dc30       0x20 binaries/signaln.o
                                         0x38 (size before relaxing)
 .eh_frame      0x000000000011dc50       0x40 binaries/sleep.o
                                         0x58 (size before relaxing)
 .eh_frame      0x000000000011dc90       0x20 binaries/stacktrace.o
                                         0x38 (size before relaxing)
 .eh_frame      0x000000000011dcb0       0x20 binaries/suspend.o
                                         0x38 (size before relaxing)
 .eh_frame      0x000000000011dcd0       0x20 binaries/unsleep.o
                                         0x38 (size before relaxing)
 .eh_frame      0x000000000011dcf0       0x20 binaries/userret.o
                                         0x38 (size before relaxing)
 .eh_frame      0x000000000011dd10       0x20 binaries/wait.o
                                         0x38 (size before relaxing)
 .eh_frame      0x000000000011dd30       0x20 binaries/wakeup.o
                                         0x38 (size before relaxing)
 .eh_frame      0x000000000011dd50       0x20 binaries/write.o
                                         0x38 (size before relaxing)
 .eh_frame      0x000000000011dd70       0x20 binaries/xdone.o
                                         0x38 (size before relaxing)
 .eh_frame      0x000000000011dd90       0x20 binaries/yield.o
                                         0x38 (size before relaxing)
 .eh_frame      0x000000000011ddb0       0x34 binaries/abs.o
                                         0x4c (size before relaxing)
 .eh_frame      0x000000000011dde4       0x24 binaries/atoi.o
                                         0x50 (size before relaxing)
 .eh_frame      0x000000000011de08       0x24 binaries/atol.o
                                         0x50 (size before relaxing)
 .eh_frame      0x000000000011de2c       0x20 binaries/bzero.o
                                         0x4c (size before relaxing)
 .eh_frame      0x000000000011de4c      0x128 binaries/doprnt.o
                                        0x154 (size before relaxing)
 .eh_frame      0x000000000011df74       0xc8 binaries/doscan.o
                                         0xf4 (size before relaxing)
 .eh_frame      0x000000000011e03c       0xdc binaries/fdoprnt.o
                                        0x11c (size before relaxing)
 .eh_frame      0x000000000011e118       0x24 binaries/fgetc.o
                                         0x50 (size before relaxing)
 .eh_frame      0x000000000011e13c       0x28 binaries/fgets.o
                                         0x54 (size before relaxing)
 .eh_frame      0x000000000011e164       0x24 binaries/fprintf.o
                                         0x50 (size before relaxing)
 .eh_frame      0x000000000011e188       0x24 binaries/fputc.o
                                         0x50 (size before relaxing)
 .eh_frame      0x000000000011e1ac       0x28 binaries/fputs.o
                                         0x54 (size before relaxing)
 .eh_frame      0x000000000011e1d4       0x6c binaries/fscanf.o
                                         0x98 (size before relaxing)
 .eh_frame      0x000000000011e240       0x24 binaries/getchar.o
                                         0x50 (size before relaxing)
 .eh_frame      0x000000000011e264       0x20 binaries/labs.o
                                         0x4c (size before relaxing)
 .eh_frame      0x000000000011e284       0x24 binaries/memcmp.o
                                         0x50 (size before relaxing)
 .eh_frame      0x000000000011e2a8       0x24 binaries/memcpy.o
                                         0x50 (size before relaxing)
 .eh_frame      0x000000000011e2cc       0x24 binaries/memset.o
                                         0x50 (size before relaxing)
 .eh_frame      0x000000000011e2f0       0x28 binaries/printf.o
                                         0x54 (size before relaxing)
 .eh_frame      0x000000000011e318       0x28 binaries/putchar.o
                                         0x54 (size before relaxing)
 .eh_frame      0x000000000011e340       0xa4 binaries/qsort.o
                                         0xd0 (size before relaxing)
 .eh_frame      0x000000000011e3e4       0x60 binaries/rand.o
                                         0x8c (size before relaxing)
 .eh_frame      0x000000000011e444       0x48 binaries/sprintf.o
                                         0x74 (size before relaxing)
 .eh_frame      0x000000000011e48c       0x64 binaries/sscanf.o
                                         0x90 (size before relaxing)
 .eh_frame      0x000000000011e4f0       0x20 binaries/strchr.o
                                         0x4c (size before relaxing)
 .eh_frame      0x000000000011e510       0x20 binaries/strcmp.o
                                         0x4c (size before relaxing)
 .eh_frame      0x000000000011e530       0x20 binaries/strcpy.o
                                         0x4c (size before relaxing)
 .eh_frame      0x000000000011e550       0x20 binaries/strlen.o
                                         0x4c (size before relaxing)
 .eh_frame      0x000000000011e570       0x24 binaries/strncat.o
                                         0x50 (size before relaxing)
 .eh_frame      0x000000000011e594       0x20 binaries/strncmp.o
                                         0x4c (size before relaxing)
 .eh_frame      0x000000000011e5b4       0x28 binaries/strncpy.o
                                         0x54 (size before relaxing)
 .eh_frame      0x000000000011e5dc       0x20 binaries/strnlen.o
                                         0x4c (size before relaxing)
 .eh_frame      0x000000000011e5fc       0x24 binaries/strrchr.o
                                         0x50 (size before relaxing)
 .eh_frame      0x000000000011e620       0x24 binaries/strstr.o
                                         0x50 (size before relaxing)
 .eh_frame      0x000000000011e644       0x20 binaries/ttycontrol.o
                                         0x38 (size before relaxing)
 .eh_frame      0x000000000011e664       0x20 binaries/ttygetc.o
                                         0x38 (size before relaxing)
 .eh_frame      0x000000000011e684       0x80 binaries/ttyhandle_in.o
                                         0x98 (size before relaxing)
 .eh_frame      0x000000000011e704       0x20 binaries/ttyhandle_out.o
                                         0x38 (size before relaxing)
 .eh_frame      0x000000000011e724       0x20 binaries/ttyhandler.o
                                         0x38 (size before relaxing)
 .eh_frame      0x000000000011e744       0x20 binaries/ttyinit.o
                                         0x38 (size before relaxing)
 .eh_frame      0x000000000011e764       0x20 binaries/ttykickout.o
                                         0x38 (size before relaxing)
 .eh_frame      0x000000000011e784       0x20 binaries/ttyputc.o
                                         0x38 (size before relaxing)
 .eh_frame      0x000000000011e7a4       0x28 binaries/ttyread.o
                                         0x40 (size before relaxing)
 .eh_frame      0x000000000011e7cc       0x20 binaries/ttywrite.o
                                         0x38 (size before relaxing)
 .eh_frame      0x000000000011e7ec       0x40 binaries/mount.o
                                         0x58 (size before relaxing)
 .eh_frame      0x000000000011e82c       0x20 binaries/naminit.o
                                         0x38 (size before relaxing)
 .eh_frame      0x000000000011e84c       0x60 binaries/nammap.o
                                         0x78 (size before relaxing)
 .eh_frame      0x000000000011e8ac       0x20 binaries/namopen.o
                                         0x38 (size before relaxing)
 .eh_frame      0x000000000011e8cc      0x150 binaries/82545EMInit.o
                                        0x168 (size before relaxing)
 .eh_frame      0x000000000011ea1c       0xa0 binaries/ethcontrol.o
                                         0xb8 (size before relaxing)
 .eh_frame      0x000000000011eabc       0x80 binaries/ethhandler.o
                                         0x98 (size before relaxing)
 .eh_frame      0x000000000011eb3c       0x20 binaries/ethinit.o
                                         0x38 (size before relaxing)
 .eh_frame      0x000000000011eb5c       0x60 binaries/ethread.o
                                         0x78 (size before relaxing)
 .eh_frame      0x000000000011ebbc       0x60 binaries/ethwrite.o
                                         0x78 (size before relaxing)
 .eh_frame      0x000000000011ec1c       0x20 binaries/rdsars.o
                                         0x38 (size before relaxing)
 .eh_frame      0x000000000011ec3c       0x20 binaries/rdscomm.o
                                         0x38 (size before relaxing)
 .eh_frame      0x000000000011ec5c       0x20 binaries/rdscontrol.o
                                         0x38 (size before relaxing)
 .eh_frame      0x000000000011ec7c       0x20 binaries/rdsinit.o
                                         0x38 (size before relaxing)
 .eh_frame      0x000000000011ec9c       0x20 binaries/rdsopen.o
                                         0x38 (size before relaxing)
 .eh_frame      0x000000000011ecbc       0x1c binaries/rdsprocess.o
                                         0x34 (size before relaxing)
 .eh_frame      0x000000000011ecd8       0xc0 binaries/rdsqfcns.o
                                         0xd8 (size before relaxing)
 .eh_frame      0x000000000011ed98       0x20 binaries/rdsread.o
                                         0x38 (size before relaxing)
 .eh_frame      0x000000000011edb8       0x20 binaries/rdswrite.o
                                         0x38 (size before relaxing)
 .eh_frame      0x000000000011edd8       0x20 binaries/ramclose.o
                                         0x38 (size before relaxing)
 .eh_frame      0x000000000011edf8       0x20 binaries/raminit.o
                                         0x38 (size before relaxing)
 .eh_frame      0x000000000011ee18       0x20 binaries/ramopen.o
                                         0x38 (size before relaxing)
 .eh_frame      0x000000000011ee38       0x20 binaries/ramread.o
                                         0x38 (size before relaxing)
 .eh_frame      0x000000000011ee58       0x20 binaries/ramwrite.o
                                         0x38 (size before relaxing)
 .eh_frame      0x000000000011ee78       0x20 binaries/lfdballoc.o
                                         0x38 (size before relaxing)
 .eh_frame      0x000000000011ee98       0x20 binaries/lfdbfree.o
                                         0x38 (size before relaxing)
 .eh_frame      0x000000000011eeb8       0x20 binaries/lfflush.o
                                         0x38 (size before relaxing)
 .eh_frame      0x000000000011eed8       0x20 binaries/lfgetmode.o
                                         0x38 (size before relaxing)
 .eh_frame      0x000000000011eef8       0x20 binaries/lfiballoc.o
                                         0x38 (size before relaxing)
 .eh_frame      0x000000000011ef18       0x20 binaries/lfibclear.o
                                         0x38 (size before relaxing)
 .eh_frame      0x000000000011ef38       0x20 binaries/lfibget.o
                                         0x38 (size before relaxing)
 .eh_frame      0x000000000011ef58       0x20 binaries/lfibput.o
                                         0x38 (size before relaxing)
 .eh_frame      0x000000000011ef78       0x20 binaries/lflclose.o
                                         0x38 (size before relaxing)
 .eh_frame      0x000000000011ef98       0x20 binaries/lflcontrol.o
                                         0x38 (size before relaxing)
 .eh_frame      0x000000000011efb8       0x20 binaries/lflgetc.o
                                         0x38 (size before relaxing)
 .eh_frame      0x000000000011efd8       0x20 binaries/lflinit.o
                                         0x38 (size before relaxing)
 .eh_frame      0x000000000011eff8       0x20 binaries/lflputc.o
                                         0x38 (size before relaxing)
 .eh_frame      0x000000000011f018       0x20 binaries/lflread.o
                                         0x38 (size before relaxing)
 .eh_frame      0x000000000011f038       0x20 binaries/lflseek.o
                                         0x38 (size before relaxing)
 .eh_frame      0x000000000011f058       0x20 binaries/lflwrite.o
                                         0x38 (size before relaxing)
 .eh_frame      0x000000000011f078       0x20 binaries/lfscheck.o
                                         0x38 (size before relaxing)
 .eh_frame      0x000000000011f098       0x20 binaries/lfsckfmt.o
                                         0x38 (size before relaxing)
 .eh_frame      0x000000000011f0b8       0x20 binaries/lfscreate.o
                                         0x38 (size before relaxing)
 .eh_frame      0x000000000011f0d8       0x20 binaries/lfsetup.o
                                         0x38 (size before relaxing)
 .eh_frame      0x000000000011f0f8       0x20 binaries/lfsinit.o
                                         0x38 (size before relaxing)
 .eh_frame      0x000000000011f118       0x20 binaries/lfsopen.o
                                         0x38 (size before relaxing)
 .eh_frame      0x000000000011f138       0x20 binaries/lftruncate.o
                                         0x38 (size before relaxing)
 .eh_frame      0x000000000011f158       0x20 binaries/rflclose.o
                                         0x38 (size before relaxing)
 .eh_frame      0x000000000011f178       0x20 binaries/rflgetc.o
                                         0x38 (size before relaxing)
 .eh_frame      0x000000000011f198       0x20 binaries/rflinit.o
                                         0x38 (size before relaxing)
 .eh_frame      0x000000000011f1b8       0x20 binaries/rflputc.o
                                         0x38 (size before relaxing)
 .eh_frame      0x000000000011f1d8       0x20 binaries/rflread.o
                                         0x38 (size before relaxing)
 .eh_frame      0x000000000011f1f8       0x20 binaries/rflseek.o
                                         0x38 (size before relaxing)
 .eh_frame      0x000000000011f218       0x20 binaries/rflwrite.o
                                         0x38 (size before relaxing)
 .eh_frame      0x000000000011f238       0x20 binaries/rfscomm.o
                                         0x38 (size before relaxing)
 .eh_frame      0x000000000011f258       0x20 binaries/rfscontrol.o
                                         0x38 (size before relaxing)
 .eh_frame      0x000000000011f278       0x20 binaries/rfsgetmode.o
                                         0x38 (size before relaxing)
 .eh_frame      0x000000000011f298       0x20 binaries/rfsinit.o
                                         0x38 (size before relaxing)
 .eh_frame      0x000000000011f2b8       0x20 binaries/rfsndmsg.o
                                         0x38 (size before relaxing)
 .eh_frame      0x000000000011f2d8       0x20 binaries/rfsopen.o
                                         0x38 (size before relaxing)
 .eh_frame      0x000000000011f2f8       0x20 binaries/pipe_close.o
                                         0x38 (size before relaxing)
 .eh_frame      0x000000000011f318       0x20 binaries/pipe_getc.o
                                         0x38 (size before relaxing)
 .eh_frame      0x000000000011f338       0x20 binaries/pipe_init.o
                                         0x38 (size before relaxing)
 .eh_frame      0x000000000011f358       0x20 binaries/pipe_open.o
                                         0x38 (size before relaxing)
 .eh_frame      0x000000000011f378       0x20 binaries/pipe_putc.o
                                         0x38 (size before relaxing)
 .eh_frame      0x000000000011f398       0x20 binaries/pipe_read.o
                                         0x38 (size before relaxing)
 .eh_frame      0x000000000011f3b8       0x20 binaries/pipe_write.o
                                         0x38 (size before relaxing)
 .eh_frame      0x000000000011f3d8       0xc0 binaries/arp.o
                                         0xd8 (size before relaxing)
 .eh_frame      0x000000000011f498       0xa0 binaries/dhcp.o
                                         0xb8 (size before relaxing)
 .eh_frame      0x000000000011f538       0x80 binaries/dns.o
                                         0x98 (size before relaxing)
 .eh_frame      0x000000000011f5b8       0x20 binaries/dot2ip.o
                                         0x38 (size before relaxing)
 .eh_frame      0x000000000011f5d8       0x40 binaries/hexdump.o
                                         0x58 (size before relaxing)
 .eh_frame      0x000000000011f618      0x150 binaries/icmp.o
                                        0x168 (size before relaxing)
 .eh_frame      0x000000000011f768      0x11c binaries/ip.o
                                        0x134 (size before relaxing)
 .eh_frame      0x000000000011f884       0xa0 binaries/net.o
                                         0xb8 (size before relaxing)
 .eh_frame      0x000000000011f924       0x60 binaries/pdump.o
                                         0x78 (size before relaxing)
 .eh_frame      0x000000000011f984       0x60 binaries/tftp.o
                                         0x78 (size before relaxing)
 .eh_frame      0x000000000011f9e4      0x140 binaries/udp.o
                                        0x158 (size before relaxing)
 .eh_frame      0x000000000011fb24       0x28 binaries/addargs.o
                                         0x40 (size before relaxing)
 .eh_frame      0x000000000011fb4c       0x20 binaries/lexan.o
                                         0x38 (size before relaxing)
 .eh_frame      0x000000000011fb6c       0x50 binaries/shell.o
                                         0x68 (size before relaxing)
 .eh_frame      0x000000000011fbbc       0x20 binaries/xsh_argecho.o
                                         0x38 (size before relaxing)
 .eh_frame      0x000000000011fbdc       0x40 binaries/xsh_arp.o
                                         0x58 (size before relaxing)
 .eh_frame      0x000000000011fc1c       0x20 binaries/xsh_cat.o
                                         0x38 (size before relaxing)
 .eh_frame      0x000000000011fc3c       0x20 binaries/xsh_clear.o
                                         0x38 (size before relaxing)
 .eh_frame      0x000000000011fc5c       0x20 binaries/xsh_date.o
                                         0x38 (size before relaxing)
 .eh_frame      0x000000000011fc7c       0x20 binaries/xsh_devdump.o
                                         0x38 (size before relaxing)
 .eh_frame      0x000000000011fc9c       0x20 binaries/xsh_echo.o
                                         0x38 (size before relaxing)
 .eh_frame      0x000000000011fcbc       0x20 binaries/xsh_exit.o
                                         0x38 (size before relaxing)
 .eh_frame      0x000000000011fcdc       0x2c binaries/xsh_help.o
                                         0x44 (size before relaxing)
 .eh_frame      0x000000000011fd08       0x20 binaries/xsh_kill.o
                                         0x38 (size before relaxing)
 .eh_frame      0x000000000011fd28       0x2c binaries/xsh_ls.o
                                         0x44 (size before relaxing)
 .eh_frame      0x000000000011fd54       0x40 binaries/xsh_memdump.o
                                         0x58 (size before relaxing)
 .eh_frame      0x000000000011fd94       0x60 binaries/xsh_memstat.o
                                         0x78 (size before relaxing)
 .eh_frame      0x000000000011fdf4       0x30 binaries/xsh_netinfo.o
                                         0x48 (size before relaxing)
 .eh_frame      0x000000000011fe24       0x30 binaries/xsh_ns.o
                                         0x48 (size before relaxing)
 .eh_frame      0x000000000011fe54       0x28 binaries/xsh_ping.o
                                         0x40 (size before relaxing)
 .eh_frame      0x000000000011fe7c       0x30 binaries/xsh_ps.o
                                         0x48 (size before relaxing)
 .eh_frame      0x000000000011feac       0x20 binaries/xsh_sleep.o
                                         0x38 (size before relaxing)
 .eh_frame      0x000000000011fecc       0x28 binaries/xsh_tee.o
                                         0x40 (size before relaxing)
 .eh_frame      0x000000000011fef4       0x20 binaries/xsh_udpdump.o
                                         0x38 (size before relaxing)
 .eh_frame      0x000000000011ff14       0x30 binaries/xsh_udpecho.o
                                         0x48 (size before relaxing)
 .eh_frame      0x000000000011ff44       0x28 binaries/xsh_udpserver.o
                                         0x40 (size before relaxing)
 .eh_frame      0x000000000011ff6c       0x20 binaries/xsh_uptime.o
                                         0x38 (size before relaxing)

.iplt           0x000000000011ff8c        0x0
 .iplt          0x000000000011ff8c        0x0 binaries/start.o

.rel.dyn        0x000000000011ff8c        0x0
 .rel.got       0x000000000011ff8c        0x0 binaries/start.o
 .rel.iplt      0x000000000011ff8c        0x0 binaries/start.o
 .rel.text      0x000000000011ff8c        0x0 binaries/start.o

.data           0x000000000011ffa0     0x1060
                0x000000000011ffa0                data = ABSOLUTE (.)
 *(.data .data.*)
 .data          0x000000000011ffa0      0x460 binaries/start.o
                0x000000000011ffa0                gdt
                0x000000000011ffe0                gdtr
                0x000000000011ffe6                idt
                0x00000000001203e6                idtr
                0x00000000001203ec                cpudelay
                0x00000000001203f0                _bootdev
                0x00000000001203f4                _cyloffset
 .data          0x0000000000120400       0x88 binaries/ascdate.o
                0x0000000000120400                Date
 .data          0x0000000000120488        0x0 binaries/bufinit.o
 .data          0x0000000000120488        0x0 binaries/chprio.o
 .data          0x0000000000120488        0x4 binaries/clkhandler.o
 .data          0x000000000012048c        0x0 binaries/clkinit.o
 .data          0x000000000012048c        0x0 binaries/close.o
 .data          0x000000000012048c        0x0 binaries/conf.o
 *fill*         0x000000000012048c       0x14 
 .data.rel      0x00000000001204a0      0x834 binaries/conf.o
                0x00000000001204a0                devtab
 .data          0x0000000000120cd4        0x0 binaries/control.o
 .data          0x0000000000120cd4        0x4 binaries/create.o
 *fill*         0x0000000000120cd8        0x8 
 .data          0x0000000000120ce0       0x40 binaries/evec.o
                0x0000000000120ce0                inames
 .data          0x0000000000120d20        0x0 binaries/exit.o
 .data          0x0000000000120d20        0x0 binaries/freebuf.o
 .data          0x0000000000120d20        0x0 binaries/freemem.o
 .data          0x0000000000120d20        0x0 binaries/getbuf.o
 .data          0x0000000000120d20        0x0 binaries/getc.o
 .data          0x0000000000120d20        0x0 binaries/getdev.o
 .data          0x0000000000120d20        0x0 binaries/getitem.o
 .data          0x0000000000120d20        0x0 binaries/getmem.o
 .data          0x0000000000120d20        0x0 binaries/getpid.o
 .data          0x0000000000120d20        0x0 binaries/getprio.o
 .data          0x0000000000120d20        0x0 binaries/getstk.o
 .data          0x0000000000120d20        0x0 binaries/getticks.o
 .data          0x0000000000120d20        0x0 binaries/gettime.o
 .data          0x0000000000120d20        0x0 binaries/getutime.o
 .data          0x0000000000120d20       0x40 binaries/i386.o
                0x0000000000120d20                gdt_copy
 .data          0x0000000000120d60        0x0 binaries/init.o
 .data          0x0000000000120d60        0x0 binaries/initialize.o
 .data          0x0000000000120d60        0x0 binaries/insert.o
 .data          0x0000000000120d60        0x0 binaries/insertd.o
 .data          0x0000000000120d60        0x0 binaries/ioerr.o
 .data          0x0000000000120d60        0x0 binaries/ionull.o
 .data          0x0000000000120d60        0x0 binaries/kill.o
 .data          0x0000000000120d60        0x0 binaries/kprintf.o
 .data          0x0000000000120d60        0x0 binaries/main.o
 .data          0x0000000000120d60        0x0 binaries/mark.o
 .data          0x0000000000120d60        0x0 binaries/meminit.o
 .data          0x0000000000120d60        0x0 binaries/mkbufpool.o
 .data          0x0000000000120d60        0x2 binaries/newqueue.o
 .data          0x0000000000120d62        0x0 binaries/open.o
 .data          0x0000000000120d62        0x0 binaries/panic.o
 *fill*         0x0000000000120d62        0x2 
 .data          0x0000000000120d64       0x10 binaries/pci.o
 .data          0x0000000000120d74        0x0 binaries/ptclear.o
 .data          0x0000000000120d74        0x0 binaries/ptcount.o
 .data          0x0000000000120d74        0x0 binaries/ptcreate.o
 .data          0x0000000000120d74        0x0 binaries/ptdelete.o
 .data          0x0000000000120d74        0x0 binaries/ptinit.o
 .data          0x0000000000120d74        0x0 binaries/ptrecv.o
 .data          0x0000000000120d74        0x0 binaries/ptreset.o
 .data          0x0000000000120d74        0x0 binaries/ptsend.o
 .data          0x0000000000120d74        0x0 binaries/putc.o
 .data          0x0000000000120d74        0x0 binaries/queue.o
 .data          0x0000000000120d74        0x0 binaries/read.o
 .data          0x0000000000120d74        0x0 binaries/ready.o
 .data          0x0000000000120d74        0x0 binaries/receive.o
 .data          0x0000000000120d74        0x0 binaries/recvclr.o
 .data          0x0000000000120d74        0x0 binaries/recvtime.o
 .data          0x0000000000120d74        0x0 binaries/resched.o
 .data          0x0000000000120d74        0x0 binaries/resume.o
 .data          0x0000000000120d74        0x0 binaries/seek.o
 .data          0x0000000000120d74        0x0 binaries/semcount.o
 .data          0x0000000000120d74        0x0 binaries/semcreate.o
 .data          0x0000000000120d74        0x0 binaries/semdelete.o
 .data          0x0000000000120d74        0x0 binaries/semreset.o
 .data          0x0000000000120d74        0x0 binaries/send.o
 .data          0x0000000000120d74        0x0 binaries/signal.o
 .data          0x0000000000120d74        0x0 binaries/signaln.o
 .data          0x0000000000120d74        0x0 binaries/sleep.o
 .data          0x0000000000120d74        0x0 binaries/stacktrace.o
 .data          0x0000000000120d74        0x0 binaries/suspend.o
 .data          0x0000000000120d74        0x0 binaries/unsleep.o
 .data          0x0000000000120d74        0x0 binaries/userret.o
 .data          0x0000000000120d74        0x0 binaries/wait.o
 .data          0x0000000000120d74        0x0 binaries/wakeup.o
 .data          0x0000000000120d74        0x0 binaries/write.o
 .data          0x0000000000120d74        0x0 binaries/xdone.o
 .data          0x0000000000120d74        0x0 binaries/yield.o
 .data          0x0000000000120d74        0x0 binaries/abs.o
 .data          0x0000000000120d74        0x0 binaries/atoi.o
 .data          0x0000000000120d74        0x0 binaries/atol.o
 .data          0x0000000000120d74        0x0 binaries/bzero.o
 .data          0x0000000000120d74        0x0 binaries/ctype_.o
 .data          0x0000000000120d74        0x0 binaries/doprnt.o
 *fill*         0x0000000000120d74        0xc 
 .data          0x0000000000120d80       0x80 binaries/doscan.o
                0x0000000000120d80                _sctab
 .data          0x0000000000120e00        0x0 binaries/fdoprnt.o
 .data          0x0000000000120e00        0x0 binaries/fgetc.o
 .data          0x0000000000120e00        0x0 binaries/fgets.o
 .data          0x0000000000120e00        0x0 binaries/fprintf.o
 .data          0x0000000000120e00        0x0 binaries/fputc.o
 .data          0x0000000000120e00        0x0 binaries/fputs.o
 .data          0x0000000000120e00        0x0 binaries/fscanf.o
 .data          0x0000000000120e00        0x0 binaries/getchar.o
 .data          0x0000000000120e00        0x0 binaries/labs.o
 .data          0x0000000000120e00        0x0 binaries/memcmp.o
 .data          0x0000000000120e00        0x0 binaries/memcpy.o
 .data          0x0000000000120e00        0x0 binaries/memset.o
 .data          0x0000000000120e00        0x0 binaries/printf.o
 .data          0x0000000000120e00        0x0 binaries/putchar.o
 .data          0x0000000000120e00        0x0 binaries/qsort.o
 .data          0x0000000000120e00        0x4 binaries/rand.o
 .data          0x0000000000120e04        0x0 binaries/sprintf.o
 .data          0x0000000000120e04        0x0 binaries/sscanf.o
 .data          0x0000000000120e04        0x0 binaries/strchr.o
 .data          0x0000000000120e04        0x0 binaries/strcmp.o
 .data          0x0000000000120e04        0x0 binaries/strcpy.o
 .data          0x0000000000120e04        0x0 binaries/strlen.o
 .data          0x0000000000120e04        0x0 binaries/strncat.o
 .data          0x0000000000120e04        0x0 binaries/strncmp.o
 .data          0x0000000000120e04        0x0 binaries/strncpy.o
 .data          0x0000000000120e04        0x0 binaries/strnlen.o
 .data          0x0000000000120e04        0x0 binaries/strrchr.o
 .data          0x0000000000120e04        0x0 binaries/strstr.o
 .data          0x0000000000120e04        0x0 binaries/ttycontrol.o
 .data          0x0000000000120e04        0x0 binaries/ttygetc.o
 .data          0x0000000000120e04        0x0 binaries/ttyhandle_in.o
 .data          0x0000000000120e04        0x0 binaries/ttyhandle_out.o
 .data          0x0000000000120e04        0x0 binaries/ttyhandler.o
 .data          0x0000000000120e04        0x0 binaries/ttyinit.o
 .data          0x0000000000120e04        0x0 binaries/ttykickout.o
 .data          0x0000000000120e04        0x0 binaries/ttyputc.o
 .data          0x0000000000120e04        0x0 binaries/ttyread.o
 .data          0x0000000000120e04        0x0 binaries/ttywrite.o
 .data          0x0000000000120e04        0x0 binaries/mount.o
 .data          0x0000000000120e04        0x0 binaries/naminit.o
 .data          0x0000000000120e04        0x0 binaries/nammap.o
 .data          0x0000000000120e04        0x0 binaries/namopen.o
 .data          0x0000000000120e04        0x0 binaries/82545EMInit.o
 .data          0x0000000000120e04        0x0 binaries/ethcontrol.o
 .data          0x0000000000120e04        0x0 binaries/ethhandler.o
 .data          0x0000000000120e04        0x0 binaries/ethinit.o
 .data          0x0000000000120e04        0x0 binaries/ethread.o
 .data          0x0000000000120e04        0x0 binaries/ethwrite.o
 .data          0x0000000000120e04        0x0 binaries/rdsars.o
 .data          0x0000000000120e04        0x0 binaries/rdscomm.o
 .data          0x0000000000120e04        0x0 binaries/rdscontrol.o
 .data          0x0000000000120e04        0x0 binaries/rdsinit.o
 .data          0x0000000000120e04        0x0 binaries/rdsopen.o
 .data          0x0000000000120e04        0x0 binaries/rdsprocess.o
 .data          0x0000000000120e04        0x0 binaries/rdsqfcns.o
 .data          0x0000000000120e04        0x0 binaries/rdsread.o
 .data          0x0000000000120e04        0x0 binaries/rdswrite.o
 .data          0x0000000000120e04        0x0 binaries/ramclose.o
 .data          0x0000000000120e04        0x0 binaries/raminit.o
 .data          0x0000000000120e04        0x0 binaries/ramopen.o
 .data          0x0000000000120e04        0x0 binaries/ramread.o
 .data          0x0000000000120e04        0x0 binaries/ramwrite.o
 .data          0x0000000000120e04        0x0 binaries/lfdballoc.o
 .data          0x0000000000120e04        0x0 binaries/lfdbfree.o
 .data          0x0000000000120e04        0x0 binaries/lfflush.o
 .data          0x0000000000120e04        0x0 binaries/lfgetmode.o
 .data          0x0000000000120e04        0x0 binaries/lfiballoc.o
 .data          0x0000000000120e04        0x0 binaries/lfibclear.o
 .data          0x0000000000120e04        0x0 binaries/lfibget.o
 .data          0x0000000000120e04        0x0 binaries/lfibput.o
 .data          0x0000000000120e04        0x0 binaries/lflclose.o
 .data          0x0000000000120e04        0x0 binaries/lflcontrol.o
 .data          0x0000000000120e04        0x0 binaries/lflgetc.o
 .data          0x0000000000120e04        0x0 binaries/lflinit.o
 .data          0x0000000000120e04        0x0 binaries/lflputc.o
 .data          0x0000000000120e04        0x0 binaries/lflread.o
 .data          0x0000000000120e04        0x0 binaries/lflseek.o
 .data          0x0000000000120e04        0x0 binaries/lflwrite.o
 .data          0x0000000000120e04        0x0 binaries/lfscheck.o
 .data          0x0000000000120e04        0x0 binaries/lfsckfmt.o
 .data          0x0000000000120e04        0x0 binaries/lfscreate.o
 .data          0x0000000000120e04        0x0 binaries/lfsetup.o
 .data          0x0000000000120e04        0x0 binaries/lfsinit.o
 .data          0x0000000000120e04        0x0 binaries/lfsopen.o
 .data          0x0000000000120e04        0x0 binaries/lftruncate.o
 .data          0x0000000000120e04        0x0 binaries/rflclose.o
 .data          0x0000000000120e04        0x0 binaries/rflgetc.o
 .data          0x0000000000120e04        0x0 binaries/rflinit.o
 .data          0x0000000000120e04        0x0 binaries/rflputc.o
 .data          0x0000000000120e04        0x0 binaries/rflread.o
 .data          0x0000000000120e04        0x0 binaries/rflseek.o
 .data          0x0000000000120e04        0x0 binaries/rflwrite.o
 .data          0x0000000000120e04        0x0 binaries/rfscomm.o
 .data          0x0000000000120e04        0x0 binaries/rfscontrol.o
 .data          0x0000000000120e04        0x0 binaries/rfsgetmode.o
 .data          0x0000000000120e04        0x0 binaries/rfsinit.o
 .data          0x0000000000120e04        0x0 binaries/rfsndmsg.o
 .data          0x0000000000120e04        0x0 binaries/rfsopen.o
 .data          0x0000000000120e04        0x0 binaries/pipe_close.o
 .data          0x0000000000120e04        0x0 binaries/pipe_getc.o
 .data          0x0000000000120e04        0x0 binaries/pipe_init.o
 .data          0x0000000000120e04        0x0 binaries/pipe_open.o
 .data          0x0000000000120e04        0x0 binaries/pipe_putc.o
 .data          0x0000000000120e04        0x0 binaries/pipe_read.o
 .data          0x0000000000120e04        0x0 binaries/pipe_write.o
 .data          0x0000000000120e04        0x0 binaries/arp.o
 .data          0x0000000000120e04        0x0 binaries/dhcp.o
 .data          0x0000000000120e04        0x0 binaries/dns.o
 .data          0x0000000000120e04        0x0 binaries/dot2ip.o
 .data          0x0000000000120e04        0x0 binaries/hexdump.o
 .data          0x0000000000120e04        0x4 binaries/icmp.o
 .data          0x0000000000120e08        0x0 binaries/ip.o
 .data          0x0000000000120e08        0x0 binaries/net.o
 .data          0x0000000000120e08        0x0 binaries/pdump.o
 .data          0x0000000000120e08        0x0 binaries/tftp.o
 .data          0x0000000000120e08        0x4 binaries/udp.o
 .data          0x0000000000120e0c        0x0 binaries/addargs.o
 .data          0x0000000000120e0c        0x0 binaries/lexan.o
 .data          0x0000000000120e0c        0x4 binaries/shell.o
                0x0000000000120e0c                ncmd
 .data          0x0000000000120e10        0x0 binaries/xsh_argecho.o
 .data          0x0000000000120e10        0x0 binaries/xsh_arp.o
 .data          0x0000000000120e10        0x0 binaries/xsh_cat.o
 .data          0x0000000000120e10        0x0 binaries/xsh_clear.o
 .data          0x0000000000120e10        0x0 binaries/xsh_date.o
 .data          0x0000000000120e10        0x0 binaries/xsh_devdump.o
 .data          0x0000000000120e10        0x0 binaries/xsh_echo.o
 .data          0x0000000000120e10        0x0 binaries/xsh_exit.o
 .data          0x0000000000120e10        0x0 binaries/xsh_help.o
 .data          0x0000000000120e10        0x0 binaries/xsh_kill.o
 .data          0x0000000000120e10        0x0 binaries/xsh_ls.o
 .data          0x0000000000120e10        0x0 binaries/xsh_memdump.o
 .data          0x0000000000120e10        0x0 binaries/xsh_memstat.o
 .data          0x0000000000120e10        0x0 binaries/xsh_netinfo.o
 .data          0x0000000000120e10        0x0 binaries/xsh_ns.o
 .data          0x0000000000120e10        0x0 binaries/xsh_ping.o
 .data          0x0000000000120e10        0x0 binaries/xsh_ps.o
 .data          0x0000000000120e10        0x0 binaries/xsh_sleep.o
 .data          0x0000000000120e10        0x0 binaries/xsh_tee.o
 .data          0x0000000000120e10        0x0 binaries/xsh_udpdump.o
 .data          0x0000000000120e10        0x0 binaries/xsh_udpecho.o
 .data          0x0000000000120e10        0x0 binaries/xsh_udpserver.o
 .data          0x0000000000120e10        0x0 binaries/xsh_uptime.o
 .data          0x0000000000120e10        0x0 binaries/clkdisp.o
 .data          0x0000000000120e10        0x0 binaries/ctxsw.o
 .data          0x0000000000120e10        0x0 binaries/intr.o
 .data          0x0000000000120e10        0x0 binaries/ttydispatch.o
 .data          0x0000000000120e10        0x0 binaries/ethdispatch.o
                0x0000000000120e10                edata = ABSOLUTE (.)
                0x0000000000120e10                _edata = ABSOLUTE (.)
                0x0000000000121000                . = ALIGN (0x1000)
 *fill*         0x0000000000120e10      0x1f0 

.got            0x0000000000121000        0x0
 .got           0x0000000000121000        0x0 binaries/start.o

.got.plt        0x0000000000121000        0xc
 .got.plt       0x0000000000121000        0xc binaries/start.o
                0x0000000000121000                _GLOBAL_OFFSET_TABLE_

.igot.plt       0x000000000012100c        0x0
 .igot.plt      0x000000000012100c        0x0 binaries/start.o

.bss            0x0000000000121020    0x23fe0
                0x0000000000121020                bss = ABSOLUTE (.)
 *(.bss .bss.*)
 .bss           0x0000000000121020        0x0 binaries/start.o
 .bss           0x0000000000121020        0x0 binaries/ascdate.o
 .bss           0x0000000000121020        0x0 binaries/bufinit.o
 .bss           0x0000000000121020        0x0 binaries/chprio.o
 .bss           0x0000000000121020        0x0 binaries/clkhandler.o
 .bss           0x0000000000121020        0x4 binaries/clkinit.o
                0x0000000000121020                ctr1000
 .bss           0x0000000000121024        0x0 binaries/close.o
 .bss           0x0000000000121024        0x0 binaries/conf.o
 .bss           0x0000000000121024        0x0 binaries/control.o
 .bss           0x0000000000121024        0x0 binaries/create.o
 .bss           0x0000000000121024        0x4 binaries/evec.o
 .bss           0x0000000000121028        0x0 binaries/exit.o
 .bss           0x0000000000121028        0x0 binaries/freebuf.o
 .bss           0x0000000000121028        0x0 binaries/freemem.o
 .bss           0x0000000000121028        0x0 binaries/getbuf.o
 .bss           0x0000000000121028        0x0 binaries/getc.o
 .bss           0x0000000000121028        0x0 binaries/getdev.o
 .bss           0x0000000000121028        0x0 binaries/getitem.o
 .bss           0x0000000000121028        0x0 binaries/getmem.o
 .bss           0x0000000000121028        0x0 binaries/getpid.o
 .bss           0x0000000000121028        0x0 binaries/getprio.o
 .bss           0x0000000000121028        0x0 binaries/getstk.o
 .bss           0x0000000000121028        0x0 binaries/getticks.o
 .bss           0x0000000000121028        0x0 binaries/gettime.o
 .bss           0x0000000000121028        0x0 binaries/getutime.o
 .bss           0x0000000000121028        0x0 binaries/i386.o
 .bss           0x0000000000121028        0x0 binaries/init.o